Limine source, tools and artifacts unchanged.
make[1]: Entering directory '/vos3/kernel'
make[2]: Entering directory '/vos3/user'
  CC      src/sched/scheduler.c
  CC+LD   ../kernel/build/native-full-final/user/bin/test_health_check
src/test_health_check.c: In function 'memory_health':
src/test_health_check.c:97:57: warning: ISO C99 requires at least one argument for the '...' in a variadic macro [-Wpedantic]
   97 |         TEST_FAIL("memory_health: telemetry unavailable");
      |                                                         ^
src/test_health_check.c: In function 'zombie_audit':
src/test_health_check.c:135:56: warning: ISO C99 requires at least one argument for the '...' in a variadic macro [-Wpedantic]
  135 |         TEST_FAIL("zombie_audit: telemetry unavailable");
      |                                                        ^
src/test_health_check.c: In function 'spsc_responsive':
src/test_health_check.c:266:54: warning: ISO C99 requires at least one argument for the '...' in a variadic macro [-Wpedantic]
  266 |         TEST_FAIL("spsc_responsive: ring init failed");
      |                                                      ^
  SIZE    ../kernel/build/native-full-final/user/bin/test_health_check
   text	   data	    bss	    dec	    hex	filename
  20811	    212	 165288	 186311	  2d7c7	../kernel/build/native-full-final/user/bin/test_health_check

User-space build complete:
total 8564
drwxr-xr-x  92 root root   2944 Sep 18 10:20 .
drwxr-xr-x 184 root root   5888 Sep 18 10:20 ..
-rw-r--r--   1 root root  10851 Sep 18 10:15 .stamp
-rwxr-xr-x   1 root root 107744 Sep 18 10:15 ai_audit
-rwxr-xr-x   1 root root  93608 Sep 18 10:15 ai_diag
-rwxr-xr-x   1 root root  99136 Sep 18 10:15 ai_exploit
-rwxr-xr-x   1 root root  94424 Sep 18 10:15 ai_stat
-rwxr-xr-x   1 root root 102544 Sep 18 10:15 ai_stress
-rwxr-xr-x   1 root root  95016 Sep 18 10:15 ai_test
-rwxr-xr-x   1 root root  99768 Sep 18 10:15 ai_top
-rwxr-xr-x   1 root root  16552 Sep 18 10:15 auxv_interp
-rwxr-xr-x   1 root root 124392 Sep 18 10:15 bench_2026_frontier
-rwxr-xr-x   1 root root 113976 Sep 18 10:15 bench_ai_scale
-rwxr-xr-x   1 root root 101992 Sep 18 10:15 bench_ai_throughput
-rwxr-xr-x   1 root root  98424 Sep 18 10:15 bench_app_isolation_test
-rwxr-xr-x   1 root root 101272 Sep 18 10:15 bench_bugfix_test
-rwxr-xr-x   1 root root  90848 Sep 18 10:15 bench_csw
-rwxr-xr-x   1 root root 101752 Sep 18 10:15 bench_csw_1ms
-rwxr-xr-x   1 root root 112528 Sep 18 10:15 bench_fs_test
-rwxr-xr-x   1 root root  97536 Sep 18 10:15 bench_fuzz_test
-rwxr-xr-x   1 root root 101056 Sep 18 10:15 bench_hugepage_tlb
-rwxr-xr-x   1 root root  93360 Sep 18 10:15 bench_isolate
-rwxr-xr-x   1 root root 112136 Sep 18 10:15 bench_net_test
-rwxr-xr-x   1 root root  92376 Sep 18 10:15 bench_overhead
-rwxr-xr-x   1 root root  92712 Sep 18 10:15 bench_persist
-rwxr-xr-x   1 root root 114032 Sep 18 10:15 bench_phase13_test
-rwxr-xr-x   1 root root  92664 Sep 18 10:15 bench_poll_test
-rwxr-xr-x   1 root root  99056 Sep 18 10:15 bench_procfs_test
-rwxr-xr-x   1 root root  97360 Sep 18 10:15 bench_sched_test
-rwxr-xr-x   1 root root  96368 Sep 18 10:15 bench_sigpipe_test
-rwxr-xr-x   1 root root 103256 Sep 18 10:15 bench_soak_5min
-rwxr-xr-x   1 root root  96744 Sep 18 10:15 bench_stress_test
-rwxr-xr-x   1 root root  90088 Sep 18 10:15 bench_thread_test
-rwxr-xr-x   1 root root 121440 Sep 18 10:15 business_sim
-rwxr-xr-x   1 root root  87312 Sep 18 10:15 cat
-rwxr-xr-x   1 root root  99128 Sep 18 10:15 date
-rwxr-xr-x   1 root root 114688 Sep 18 10:15 diag_shm_stress
-rwxr-xr-x   1 root root  88712 Sep 18 10:15 disk_test
-rwxr-xr-x   1 root root   4856 Sep 18 10:15 fake_interp
-rwxr-xr-x   1 root root  92816 Sep 18 10:15 grep
-rwxr-xr-x   1 root root  88632 Sep 18 10:15 head
-rwxr-xr-x   1 root root  80256 Sep 18 10:15 hello_auxv
-rwxr-xr-x   1 root root  80256 Sep 18 10:15 hello_dyn
-rwxr-xr-x   1 root root   8944 Sep 18 10:15 hello_musl
-rwxr-xr-x   1 root root 141080 Sep 18 10:15 init
-rwxr-xr-x   1 root root 654440 Sep 18 10:15 ld-musl-x86_64.so.1
-rwxr-xr-x   1 root root  90624 Sep 18 10:15 ps
-rwxr-xr-x   1 root root 116432 Sep 18 10:15 setup_wizard
-rwxr-xr-x   1 root root 130464 Sep 18 10:15 sh
-rwxr-xr-x   1 root root  99544 Sep 18 10:15 stress_thread
-rwxr-xr-x   1 root root  95480 Sep 18 10:15 tcp_test
-rwxr-xr-x   1 root root 113984 Sep 18 10:15 test_advanced_chaos
-rwxr-xr-x   1 root root 130320 Sep 18 10:15 test_agent_chaos
-rwxr-xr-x   1 root root 117592 Sep 18 10:15 test_agent_cluster
-rwxr-xr-x   1 root root 109688 Sep 18 10:15 test_ai_exploit_v2
-rwxr-xr-x   1 root root  86744 Sep 18 10:15 test_ai_guard
-rwxr-xr-x   1 root root 100608 Sep 18 10:15 test_ai_latency
-rwxr-xr-x   1 root root 114136 Sep 18 10:15 test_dynlink
-rwxr-xr-x   1 root root  12912 Sep 18 10:15 test_env_musl
-rwxr-xr-x   1 root root 107376 Sep 18 10:15 test_epoll
-rwxr-xr-x   1 root root  10688 Sep 18 10:15 test_fileio_musl
-rwxr-xr-x   1 root root  10152 Sep 18 10:15 test_fork_musl
-rwxr-xr-x   1 root root  94368 Sep 18 10:15 test_futex
-rwxr-xr-x   1 root root 104472 Sep 18 10:20 test_health_check
-rwxr-xr-x   1 root root 117536 Sep 18 10:15 test_integration
-rwxr-xr-x   1 root root  10856 Sep 18 10:15 test_malloc_musl
-rwxr-xr-x   1 root root 106616 Sep 18 10:15 test_max_saturation
-rwxr-xr-x   1 root root 108712 Sep 18 10:15 test_model_load
-rwxr-xr-x   1 root root 107736 Sep 18 10:15 test_net_dispatch
-rwxr-xr-x   1 root root  97144 Sep 18 10:15 test_net_e2e
-rwxr-xr-x   1 root root  87032 Sep 18 10:15 test_npu_direct
-rwxr-xr-x   1 root root  11360 Sep 18 10:15 test_pipe_musl
-rwxr-xr-x   1 root root 107048 Sep 18 10:15 test_posix_core
-rwxr-xr-x   1 root root 116472 Sep 18 10:15 test_posix_fs
-rwxr-xr-x   1 root root  86040 Sep 18 10:15 test_pt_interp
-rwxr-xr-x   1 root root  14232 Sep 18 10:15 test_pthread_musl
-rwxr-xr-x   1 root root  89464 Sep 18 10:15 test_security_check
-rwxr-xr-x   1 root root 108600 Sep 18 10:15 test_shm_dispatch
-rwxr-xr-x   1 root root  99592 Sep 18 10:15 test_signal_lifetime
-rwxr-xr-x   1 root root  11936 Sep 18 10:15 test_signal_musl
-rwxr-xr-x   1 root root  12376 Sep 18 10:15 test_stat_musl
-rwxr-xr-x   1 root root  24816 Sep 18 10:15 test_stress_mt
-rwxr-xr-x   1 root root 100008 Sep 18 10:15 test_sustained
-rwxr-xr-x   1 root root 109656 Sep 18 10:15 test_torture
-rwxr-xr-x   1 root root  94776 Sep 18 10:15 test_usercopy
-rwxr-xr-x   1 root root 106264 Sep 18 10:15 test_vmm_soak
-rwxr-xr-x   1 root root  90336 Sep 18 10:15 udp_test
-rwxr-xr-x   1 root root  98840 Sep 18 10:15 uname
-rwxr-xr-x   1 root root 101488 Sep 18 10:15 uptime
-rwxr-xr-x   1 root root 111312 Sep 18 10:15 vos3_admin
-rwxr-xr-x   1 root root  90088 Sep 18 10:15 wc
-rwxr-xr-x   1 root root 106944 Sep 18 10:15 ws_switch
make[2]: Leaving directory '/vos3/user'
  GEN     build/native-full-final/generated/embedded_bins.c
  CC      build/native-full-final/generated/embedded_bins.c
  LD      build/native-full-final/vos3.elf

Kernel built: build/native-full-final/vos3.elf
  0 .multiboot2   00000018  0000000002000000  0000000002000000  00001000  2**3
  1 .note.Xen     00000014  0000000002000018  0000000002000018  00001018  2**2
  2 .text.boot32  000001c5  0000000002000030  0000000002000030  00001030  2**0
  3 .text.boot64  0000003a  0000000002000200  0000000002000200  00001200  2**0
  4 .data.boot    00000026  0000000002000240  0000000002000240  00001240  2**4
  5 .bss.boot     00005000  0000000002001000  0000000002001000  00001266  2**12
  6 .text         00081249  ffffffff82006000  0000000002006000  00002000  2**6
  7 .rodata       008422ce  ffffffff82088000  0000000002088000  00084000  2**6
  8 .data         00000448  ffffffff828cb000  00000000028cb000  008c7000  2**5
  9 .bss          035bf7b0  ffffffff828cc000  00000000028cc000  008c7448  2**12
 10 .stacks       00020000  ffffffff85e8c000  0000000005e8c000  008c7448  2**0

   text	   data	    bss	    dec	    hex	filename
 529524	8660796	56510384	65700704	3ea8360	build/native-full-final/vos3.elf
=== Building vOS installer ISO ===
xorriso 1.5.6 : RockRidge filesystem manipulator, libburnia project.

xorriso : NOTE : Environment variable SOURCE_DATE_EPOCH encountered with value 1700000000
Drive current: -outdev 'stdio:/tmp/vos5-iso.VsNUbf/vos5.iso'
Media current: stdio file, overwriteable
Media status : is blank
Media summary: 0 sessions, 0 data blocks, 0 data, 1621g free
Added to ISO image: directory '/'='/tmp/vos5-iso.VsNUbf/root'
xorriso : UPDATE :      11 files added in 1 seconds
xorriso : UPDATE :      11 files added in 1 seconds
ISO image produced: 6375 sectors
Written to medium : 6375 sectors at LBA 0
Writing to 'stdio:/tmp/vos5-iso.VsNUbf/vos5.iso' completed successfully.

Physical block size of 512 bytes.
Installing to GPT. Logical block size of 512 bytes.
Detected ISOHYBRID with a GUID partition table (GPT).
Converting to MBR for improved compatibility...
Conversion successful.
No active partition found, some systems may not boot.
Setting partition 1 as active to work around the issue...
Installing to MBR.
Stage 2 to be located at byte offset 0x1000.
Reminder: Remember to copy the limine-bios.sys file in either
          the root, /boot, /limine, or /boot/limine directories of
          one of the partitions on the device, or boot will fail!
Limine BIOS stages installed successfully.
Built BIOS + UEFI image: ../dist/e7-v2.iso
99153bbdb24137d5a6014d301fc522bfd831aef672766446739a4ed526dc9688  ../dist/e7-v2.iso
=== Installer ISO complete: ../dist/e7-v2.iso ===
make[1]: Leaving directory '/vos3/kernel'
