Benchmark evidence: /private/tmp/vos-sysinfo-qualified-20260918/bios
{
  "passed": false,
  "failures": [
    "Missing, nonzero, duplicated or reordered benchmark exit status",
    "Failure diagnostic: \\[FAIL\\]",
    "Failure diagnostic: \\b[1-9][0-9]* FAIL\\b"
  ],
  "test_only": "",
  "expected_programs": [
    "bench_csw",
    "test_max_saturation",
    "bench_isolate",
    "bench_persist",
    "bench_overhead",
    "bench_sigpipe_test",
    "ai_exploit",
    "bench_bugfix_test",
    "bench_phase13_test",
    "bench_procfs_test",
    "bench_poll_test",
    "bench_fs_test",
    "bench_net_test",
    "bench_stress_test",
    "bench_fuzz_test",
    "test_usercopy",
    "bench_sched_test",
    "bench_app_isolation_test",
    "test_posix_fs",
    "test_epoll",
    "test_posix_core",
    "test_futex",
    "bench_thread_test",
    "stress_thread",
    "test_net_dispatch",
    "test_shm_dispatch",
    "diag_shm_stress",
    "bench_hugepage_tlb",
    "test_pt_interp",
    "test_dynlink",
    "test_signal_musl",
    "test_signal_lifetime",
    "test_env_musl",
    "test_fileio_musl",
    "test_malloc_musl",
    "test_fork_musl",
    "test_pipe_musl",
    "test_stat_musl",
    "test_pthread_musl",
    "test_ai_guard",
    "test_integration",
    "test_sustained",
    "bench_ai_throughput",
    "bench_csw_1ms",
    "test_npu_direct",
    "test_ai_latency",
    "bench_2026_frontier",
    "test_agent_chaos",
    "test_advanced_chaos",
    "test_model_load",
    "test_health_check",
    "test_agent_cluster",
    "test_torture",
    "test_ai_exploit_v2",
    "test_security_check",
    "bench_ai_scale",
    "test_stress_mt"
  ],
  "command": [
    "qemu-system-x86_64",
    "-machine",
    "q35,accel=tcg",
    "-m",
    "3072",
    "-cpu",
    "qemu64,+rdrand,+rdseed",
    "-smp",
    "1",
    "-display",
    "none",
    "-serial",
    "stdio",
    "-monitor",
    "none",
    "-no-reboot",
    "-boot",
    "d",
    "-nic",
    "user,model=virtio-net-pci",
    "-cdrom",
    "/private/tmp/vos-sysinfo-qualified-20260918/source/dist/final-full.iso",
    "-snapshot"
  ],
  "iso": "/private/tmp/vos-sysinfo-qualified-20260918/source/dist/final-full.iso",
  "iso_sha256": "90cc28eeef42290b10fa0a4f4bc443bed40dae54358bcb7a9127fbe499378a64",
  "init_source_sha256": "415366eba81c55122fffd9bc45aa77c3695006ba46f7b14d88e22ab41efb3591",
  "started_programs": [
    "bench_csw",
    "test_max_saturation",
    "bench_isolate",
    "bench_persist",
    "bench_overhead",
    "bench_sigpipe_test",
    "ai_exploit",
    "bench_bugfix_test",
    "bench_phase13_test",
    "bench_procfs_test",
    "bench_poll_test",
    "bench_fs_test",
    "bench_net_test",
    "bench_stress_test",
    "bench_fuzz_test",
    "test_usercopy",
    "bench_sched_test",
    "bench_app_isolation_test",
    "test_posix_fs",
    "test_epoll",
    "test_posix_core",
    "test_futex",
    "bench_thread_test",
    "stress_thread",
    "test_net_dispatch",
    "test_shm_dispatch",
    "diag_shm_stress",
    "bench_hugepage_tlb",
    "test_pt_interp",
    "test_dynlink",
    "test_signal_musl",
    "test_signal_lifetime",
    "test_env_musl",
    "test_fileio_musl",
    "test_malloc_musl",
    "test_fork_musl",
    "test_pipe_musl",
    "test_stat_musl",
    "test_pthread_musl",
    "test_ai_guard",
    "test_integration",
    "test_sustained",
    "bench_ai_throughput",
    "bench_csw_1ms",
    "test_npu_direct",
    "test_ai_latency",
    "bench_2026_frontier",
    "test_agent_chaos",
    "test_advanced_chaos",
    "test_model_load",
    "test_health_check",
    "test_agent_cluster",
    "test_torture",
    "test_ai_exploit_v2",
    "test_security_check",
    "bench_ai_scale",
    "test_stress_mt"
  ],
  "exits": [
    [
      "bench_csw",
      "0"
    ],
    [
      "test_max_saturation",
      "0"
    ],
    [
      "bench_isolate",
      "0"
    ],
    [
      "bench_persist",
      "0"
    ],
    [
      "bench_overhead",
      "0"
    ],
    [
      "bench_sigpipe_test",
      "0"
    ],
    [
      "ai_exploit",
      "0"
    ],
    [
      "bench_bugfix_test",
      "0"
    ],
    [
      "bench_phase13_test",
      "0"
    ],
    [
      "bench_procfs_test",
      "0"
    ],
    [
      "bench_poll_test",
      "0"
    ],
    [
      "bench_fs_test",
      "0"
    ],
    [
      "bench_net_test",
      "0"
    ],
    [
      "bench_stress_test",
      "0"
    ],
    [
      "bench_fuzz_test",
      "0"
    ],
    [
      "test_usercopy",
      "0"
    ],
    [
      "bench_sched_test",
      "0"
    ],
    [
      "bench_app_isolation_test",
      "0"
    ],
    [
      "test_posix_fs",
      "0"
    ],
    [
      "test_epoll",
      "0"
    ],
    [
      "test_posix_core",
      "0"
    ],
    [
      "test_futex",
      "0"
    ],
    [
      "bench_thread_test",
      "0"
    ],
    [
      "stress_thread",
      "0"
    ],
    [
      "test_net_dispatch",
      "0"
    ],
    [
      "test_shm_dispatch",
      "0"
    ],
    [
      "diag_shm_stress",
      "0"
    ],
    [
      "bench_hugepage_tlb",
      "0"
    ],
    [
      "test_pt_interp",
      "0"
    ],
    [
      "test_dynlink",
      "0"
    ],
    [
      "test_signal_musl",
      "0"
    ],
    [
      "test_signal_lifetime",
      "0"
    ],
    [
      "test_env_musl",
      "0"
    ],
    [
      "test_fileio_musl",
      "0"
    ],
    [
      "test_malloc_musl",
      "0"
    ],
    [
      "test_fork_musl",
      "0"
    ],
    [
      "test_pipe_musl",
      "0"
    ],
    [
      "test_stat_musl",
      "0"
    ],
    [
      "test_pthread_musl",
      "0"
    ],
    [
      "test_ai_guard",
      "0"
    ],
    [
      "test_integration",
      "0"
    ],
    [
      "test_sustained",
      "0"
    ],
    [
      "bench_ai_throughput",
      "0"
    ],
    [
      "bench_csw_1ms",
      "0"
    ],
    [
      "test_npu_direct",
      "0"
    ],
    [
      "test_ai_latency",
      "0"
    ],
    [
      "bench_2026_frontier",
      "0"
    ],
    [
      "test_agent_chaos",
      "0"
    ],
    [
      "test_advanced_chaos",
      "0"
    ],
    [
      "test_model_load",
      "0"
    ],
    [
      "test_health_check",
      "1"
    ],
    [
      "test_agent_cluster",
      "0"
    ],
    [
      "test_torture",
      "0"
    ],
    [
      "test_ai_exploit_v2",
      "0"
    ],
    [
      "test_security_check",
      "0"
    ],
    [
      "bench_ai_scale",
      "0"
    ],
    [
      "test_stress_mt",
      "0"
    ]
  ],
  "partial": false,
  "scope": "Complete BENCH_MODE program sequence",
  "exit_status": "suite_observed",
  "iso_sha256_after": "90cc28eeef42290b10fa0a4f4bc443bed40dae54358bcb7a9127fbe499378a64"
}
